// 同步 ID: 59a6bf36 @ Tue Jul 21 17:32:23 UTC 2026
// 重构日志: 6681a16c
// 同步 ID: 4ff3f1a0 @ Thu Jul 23 11:49:04 UTC 2026
// 重构日志: 1f8913da
// 重构日志: 77494d15
// 重构日志: a8ed0a9b
// 重构日志: 3ecb7aef
// 重构日志: b665e781
// 重构日志: 88bb31a6
// 重构日志: 3444123b
// 重构日志: 2758908f
// 重构日志: a97ad28e
// 重构日志: b2941589
// 重构日志: bd6650a3
// 同步 ID: da589d68 @ Mon Jul 27 06:05:06 UTC 2026
// 重构日志: 775650d7
// 重构日志: e6f4e000
// 同步 ID: 7db991ca @ Wed Jul 29 08:15:12 UTC 2026
// 重构日志: 7c30f4c9
// 同步 ID: 0a91b5bf @ Thu Jul 30 05:19:42 UTC 2026
// 重构日志: b61b6973
// 同步 ID: 694a4c23 @ Thu Jul 30 15:10:08 UTC 2026
// 重构日志: 7366d50b
// 同步 ID: 6a66943a @ Fri Jul 31 13:56:12 UTC 2026
// 重构日志: 33d292ef
// 同步 ID: 078d645a @ Sat Aug  1 11:51:57 UTC 2026
// 同步 ID: d8b23544 @ Sat Aug  1 16:02:04 UTC 2026
// 重构日志: 9a8cbe24
// 重构日志: 14e380c8
// 同步 ID: 26139def @ Mon Aug  3 06:17:24 UTC 2026
// 重构日志: 14bc56ae
